{
  "version": "1.5.0",
  "plugins_used": [
    {
      "name": "ArtifactoryDetector"
    },
    {
      "name": "AWSKeyDetector"
    },
    {
      "name": "AzureStorageKeyDetector"
    },
    {
      "name": "Base64HighEntropyString",
      "limit": 4.5
    },
    {
      "name": "BasicAuthDetector"
    },
    {
      "name": "CloudantDetector"
    },
    {
      "name": "DiscordBotTokenDetector"
    },
    {
      "name": "GitHubTokenDetector"
    },
    {
      "name": "GitLabTokenDetector"
    },
    {
      "name": "HexHighEntropyString",
      "limit": 3.0
    },
    {
      "name": "IbmCloudIamDetector"
    },
    {
      "name": "IbmCosHmacDetector"
    },
    {
      "name": "IPPublicDetector"
    },
    {
      "name": "JwtTokenDetector"
    },
    {
      "name": "KeywordDetector",
      "keyword_exclude": ""
    },
    {
      "name": "MailchimpDetector"
    },
    {
      "name": "NpmDetector"
    },
    {
      "name": "OpenAIDetector"
    },
    {
      "name": "PrivateKeyDetector"
    },
    {
      "name": "PypiTokenDetector"
    },
    {
      "name": "SendGridDetector"
    },
    {
      "name": "SlackDetector"
    },
    {
      "name": "SoftlayerDetector"
    },
    {
      "name": "SquareOAuthDetector"
    },
    {
      "name": "StripeDetector"
    },
    {
      "name": "TelegramBotTokenDetector"
    },
    {
      "name": "TwilioKeyDetector"
    }
  ],
  "filters_used": [
    {
      "path": "detect_secrets.filters.allowlist.is_line_allowlisted"
    },
    {
      "path": "detect_secrets.filters.common.is_ignored_due_to_verification_policies",
      "min_level": 2
    },
    {
      "path": "detect_secrets.filters.heuristic.is_indirect_reference"
    },
    {
      "path": "detect_secrets.filters.heuristic.is_likely_id_string"
    },
    {
      "path": "detect_secrets.filters.heuristic.is_lock_file"
    },
    {
      "path": "detect_secrets.filters.heuristic.is_not_alphanumeric_string"
    },
    {
      "path": "detect_secrets.filters.heuristic.is_potential_uuid"
    },
    {
      "path": "detect_secrets.filters.heuristic.is_prefixed_with_dollar_sign"
    },
    {
      "path": "detect_secrets.filters.heuristic.is_sequential_string"
    },
    {
      "path": "detect_secrets.filters.heuristic.is_swagger_file"
    },
    {
      "path": "detect_secrets.filters.heuristic.is_templated_secret"
    },
    {
      "path": "detect_secrets.filters.regex.should_exclude_file",
      "pattern": [
        ".*\\.lock$"
      ]
    }
  ],
  "results": {
    "claude-code/smartem-frontend/skills/playwright/API_REFERENCE.md": [
      {
        "type": "Secret Keyword",
        "filename": "claude-code/smartem-frontend/skills/playwright/API_REFERENCE.md",
        "hashed_secret": "f0578f1e7174b1a41c4ea8c6e17f7a8a3b88c92a",
        "is_verified": false,
        "line_number": 499
      },
      {
        "type": "Secret Keyword",
        "filename": "claude-code/smartem-frontend/skills/playwright/API_REFERENCE.md",
        "hashed_secret": "8be52126a6fde450a7162a3651d589bb51e9579d",
        "is_verified": false,
        "line_number": 500
      }
    ],
    "docs/decision-records/smartem-workspace-developer-guide.md": [
      {
        "type": "Secret Keyword",
        "filename": "docs/decision-records/smartem-workspace-developer-guide.md",
        "hashed_secret": "8bed7940e0c3ea61eca107fdb36282d4ceef45d4",
        "is_verified": false,
        "line_number": 1135
      },
      {
        "type": "Secret Keyword",
        "filename": "docs/decision-records/smartem-workspace-developer-guide.md",
        "hashed_secret": "46192f4a6b473b1d14528bad8da6300e84cb4d0e",
        "is_verified": false,
        "line_number": 1140
      }
    ],
    "docs/development/e2e-simulation.md": [
      {
        "type": "Basic Auth Credentials",
        "filename": "docs/development/e2e-simulation.md",
        "hashed_secret": "35675e68f4b5af7b995d9205ad0fc43842f16450",
        "is_verified": false,
        "line_number": 410
      }
    ],
    "docs/operations/kubernetes-secrets.md": [
      {
        "type": "Secret Keyword",
        "filename": "docs/operations/kubernetes-secrets.md",
        "hashed_secret": "142879ed2e01ae92cf503554bfd2241c3e024a0f",
        "is_verified": false,
        "line_number": 115
      },
      {
        "type": "Secret Keyword",
        "filename": "docs/operations/kubernetes-secrets.md",
        "hashed_secret": "3ba67f062408ecadaabf84c340240f69c1a0a318",
        "is_verified": false,
        "line_number": 117
      },
      {
        "type": "Secret Keyword",
        "filename": "docs/operations/kubernetes-secrets.md",
        "hashed_secret": "3a12b92524e2bb602238d9f3e28f885d097668bb",
        "is_verified": false,
        "line_number": 318
      },
      {
        "type": "Secret Keyword",
        "filename": "docs/operations/kubernetes-secrets.md",
        "hashed_secret": "76a3330d1ebe1e20c9824c59cafac491bcfa43c3",
        "is_verified": false,
        "line_number": 334
      }
    ],
    "k8s/secret.example.yaml": [
      {
        "type": "Secret Keyword",
        "filename": "k8s/secret.example.yaml",
        "hashed_secret": "da19880411eca9df7c34f4f4690fb783e9c38d38",
        "is_verified": false,
        "line_number": 9
      }
    ]
  },
  "generated_at": "2026-01-26T18:21:21Z"
}
